// Jest Snapshot v1, https://goo.gl/fbAQLP

exports[`should render correctly 1`] = `
.c6 {
  background-color: #0d5257;
  border: 2px solid #0d5257;
  color: #f8f9fa;
  padding: 0.25rem 0.5rem;
  font-size: 1rem;
  line-height: 1.5;
  border-radius: 0.25rem;
  text-align: center;
  display: inline-block;
  -webkit-transition-duration: 0.2s;
  transition-duration: 0.2s;
  cursor: pointer;
}

.c6:hover:not(:disabled) {
  background-color: #f8f9fa;
  color: #0d5257;
}

.c6:disabled {
  opacity: 0.5;
  cursor: unset;
}

.c4 {
  position: absolute !important;
  width: 1px !important;
  height: 1px !important;
  padding: 0 !important;
  margin: -1px !important;
  overflow: hidden !important;
  -webkit-clip: rect(0,0,0,0) !important;
  clip: rect(0,0,0,0) !important;
  white-space: nowrap !important;
  border: 0 !important;
}

.c0 {
  padding: 1rem;
  background-color: #0d5257;
  color: #f8f9fa;
  font-size: 1.25rem;
}

.c2 {
  display: grid;
  grid-template-columns: 1fr;
  grid-row-gap: 1rem;
  width: 80%;
  max-width: 100%;
  margin: 1rem auto;
}

.c1 {
  -webkit-text-decoration: none;
  text-decoration: none;
  color: inherit;
}

.c7 {
  list-style: none;
  padding: 0;
  margin: 0;
}

.c5 {
  width: 100%;
  background-color: #f8f9fa;
  border: 2px solid rgba(0,0,0,0.125);
  color: #215259;
  padding: 0.25rem 0.5rem;
  font-size: 1rem;
  line-height: 1.5;
  border-radius: 0.25rem;
}

.c5:focus {
  outline: none;
  box-shadow: 0px 0px 0.25rem #0d5257;
}

.c3 {
  display: grid;
  grid-template-columns: 1fr 4rem;
  -webkit-column-gap: 1rem;
  column-gap: 1rem;
  padding: 0.25rem 0.5rem;
}

<div>
  <header
    class="c0"
  >
    <a
      class="c1"
      href="/"
    >
      Todo App
    </a>
  </header>
  <main
    class="c2"
  >
    <form>
      <div
        class="c3"
      >
        <label>
          <span
            class="c4"
          >
            Enter New Todo
          </span>
          <input
            class="c5"
            name="new-todo"
            placeholder="Enter New Todo"
          />
        </label>
        <button
          class="c6"
          disabled=""
          type="submit"
        >
          Add
        </button>
      </div>
    </form>
    <ul
      class="c7"
    />
  </main>
</div>
`;
